Microchip MPLAB XC8 Compiler V2.41

Linker command line:

-W-3 \
  --edf=C:/Program Files/Microchip/MPLABX/v6.10/packs/Microchip/PIC16Fxxx_DFP/1.4.149/xc8\pic\dat\20230322214319_en.msgs \
  -cn -h+dist/default/production\PIC_MASTER.X.production.sym \
  --cmf=dist/default/production\PIC_MASTER.X.production.cmf -z -Q16F887 \
  -oC:\Users\judah\AppData\Local\Temp\xcBsigs.1\driver_tmp_3.o \
  --defsym=__MPLAB_BUILD=1 --fixupoverflow=error \
  -Mdist/default/production/PIC_MASTER.X.production.map \
  --md=C:\Users\judah\AppData\Local\Temp\xcBsigs.1\driver_tmp_0.dat -E1 \
  -ver=XC8 Compiler --acfsm=1493 -ACODE=00h-07FFhx4 -ASTRCODE=00h-01FFFh \
  -ASTRING=00h-0FFhx32 -ACONST=00h-0FFhx32 -AENTRY=00h-0FFhx32 \
  -ACOMMON=070h-07Fh -ABANK0=020h-06Fh -ABANK1=0A0h-0EFh \
  -ABANK2=0110h-016Fh -ABANK3=0190h-01EFh \
  -ARAM=020h-06Fh,0A0h-0EFh,0110h-016Fh,0190h-01EFh \
  -AABS1=020h-07Fh,0A0h-0EFh,0110h-016Fh,0190h-01EFh -ASFR0=00h-01Fh \
  -ASFR1=080h-09Fh -ASFR2=0100h-010Fh -ASFR3=0180h-018Fh \
  -ACONFIG=02007h-02008h -DCONFIG=2 -AIDLOC=02000h-02003h -DIDLOC=2 \
  -AEEDATA=00h-0FFh/02100h -peeprom_data=EEDATA -DEEDATA=2 -DCODE=2 \
  -DSTRCODE=2 -DSTRING=2 -DCONST=2 -DENTRY=2 \
  -preset_vec=00h,intentry=04h,init,end_init -ppowerup=CODE -pcinit=CODE \
  -pfunctab=ENTRY -k \
  C:\Users\judah\AppData\Local\Temp\xcBsigs.1\driver_tmp_12.o \
  dist/default/production\PIC_MASTER.X.production.o 

Object code version is 3.11

Machine type is 16F887



                Name                               Link     Load   Length Selector   Space Scale
C:\Users\judah\AppData\Local\Temp\xcBsigs.1\driver_tmp_12.o
                end_init                              C        C        3        8       0
                reset_vec                             0        0        3        0       0
                config                             2007     2007        2        0       4
dist/default/production\PIC_MASTER.X.production.o
                cinit                                 F        F       1A        8       0
                intentry                              4        4        8        8       0
                config                             2007     2007        2        0       4
                text34                             163C     163C        7     2C78       0
                text33                             16A4     16A4       22     2D48       0
                text32                             168A     168A       1A     2D14       0
                text31                             1670     1670        D     2CE0       0
                text30                              955      955       4C     12AA       0
                text29                             1718     1718       35     2E30       0
                text28                              839      839       46     1072       0
                text27                             17BC     17BC       44     2F78       0
                text26                             1782     1782       3A     2F04       0
                text25                              6F7      6F7       DC        8       0
                text24                              CD5      CD5       D3     19AA       0
                text23                             167D     167D        D     2CFA       0
                text22                             16EA     16EA       2E     2DD4       0
                text21                             164B     164B        9     2C96       0
                text20                             1654     1654        9     2CA8       0
                text19                             165D     165D        9     2CBA       0
                text18                             1666     1666        A     2CCC       0
                text17                              36E      36E      286        8       0
                text16                              7D3      7D3       29        8       0
                text15                               29       29      345        8       0
                text14                              DA8      DA8      258     1B50       0
                text13                             16C6     16C6       24     2D8C       0
                text12                              B8B      B8B       90     1716       0
                text11                              C1B      C1B       BA     1836       0
                text10                              5F4      5F4      103        8       0
                text9                               A5D      A5D       63     14BA       0
                text8                               90C      90C       49     1218       0
                text7                               8C5      8C5       47     118A       0
                text6                               AC0      AC0       63     1580       0
                text5                               B23      B23       68     1646       0
                text4                               801      801       38     1002       0
                text3                               9A1      9A1       5D     1342       0
                text2                              174D     174D       35     2E9A       0
                text1                               9FE      9FE       5F     13FC       0
                maintext                            87F      87F       46     10FE       0
                cstackBANK0                          20       20       4F       20       1
                cstackCOMMON                         70       70        A       70       1
                cstackBANK1                          A0       A0       26       A0       1
                clrtext                            1643     1643        8     2C86       0
                dataBANK1                            E0       E0        1       A0       1
                bssBANK1                             C6       C6       1A       A0       1
                bssBANK0                             6F       6F        1       20       1
                bssCOMMON                            7A       7A        2       70       1
                strings                            1000     1000       28     2000       0
                idataBANK1                          7FC      7FC        1        8       0

TOTAL           Name                               Link     Load   Length     Space
        CLASS   CODE           
                end_init                              C        C        3         0
                cinit                                 F        F       1A         0
                intentry                              4        4        8         0
                reset_vec                             0        0        3         0
                text34                             163C     163C        7         0
                text33                             16A4     16A4       22         0
                text32                             168A     168A       1A         0
                text31                             1670     1670        D         0
                text30                              955      955       4C         0
                text29                             1718     1718       35         0
                text28                              839      839       46         0
                text27                             17BC     17BC       44         0
                text26                             1782     1782       3A         0
                text25                              6F7      6F7       DC         0
                text24                              CD5      CD5       D3         0
                text23                             167D     167D        D         0
                text22                             16EA     16EA       2E         0
                text21                             164B     164B        9         0
                text20                             1654     1654        9         0
                text19                             165D     165D        9         0
                text18                             1666     1666        A         0
                text17                              36E      36E      286         0
                text16                              7D3      7D3       29         0
                text15                               29       29      345         0
                text14                              DA8      DA8      258         0
                text13                             16C6     16C6       24         0
                text12                              B8B      B8B       90         0
                text11                              C1B      C1B       BA         0
                text10                              5F4      5F4      103         0
                text9                               A5D      A5D       63         0
                text8                               90C      90C       49         0
                text7                               8C5      8C5       47         0
                text6                               AC0      AC0       63         0
                text5                               B23      B23       68         0
                text4                               801      801       38         0
                text3                               9A1      9A1       5D         0
                text2                              174D     174D       35         0
                text1                               9FE      9FE       5F         0
                maintext                            87F      87F       46         0
                clrtext                            1643     1643        8         0
                idataBANK1                          7FC      7FC        1         0

        CLASS   STRCODE        

        CLASS   STRING         
                strings                            1000     1000       28         0

        CLASS   CONST          

        CLASS   ENTRY          

        CLASS   COMMON         
                cstackCOMMON                         70       70        A         1
                bssCOMMON                            7A       7A        2         1

        CLASS   BANK0          
                cstackBANK0                          20       20       4F         1
                bssBANK0                             6F       6F        1         1

        CLASS   BANK1          
                cstackBANK1                          A0       A0       26         1
                dataBANK1                            E0       E0        1         1
                bssBANK1                             C6       C6       1A         1

        CLASS   BANK2          

        CLASS   BANK3          

        CLASS   RAM            

        CLASS   ABS1           
                abs_s1                               7E       7E        2         1

        CLASS   SFR0           

        CLASS   SFR1           

        CLASS   SFR2           

        CLASS   SFR3           

        CLASS   CONFIG         
                config                             2007     2007        2         4

        CLASS   IDLOC          

        CLASS   EEDATA         

        CLASS   STACK          



SEGMENTS        Name                           Load    Length   Top    Selector   Space  Class     Delta

                reset_vec                      000000  000003  000003         0       0  CODE        2
                intentry                       000004  0007F9  0007FD         8       0  CODE        2
                cstackBANK0                    000020  000050  000070        20       1  BANK0       1
                cstackCOMMON                   000070  00000C  00007C        70       1  COMMON      1
                cstackBANK1                    0000A0  000041  0000E1        A0       1  BANK1       1
                text4                          000801  000038  000839      1002       0  CODE        2
                text28                         000839  000046  00087F      1072       0  CODE        2
                maintext                       00087F  000046  0008C5      10FE       0  CODE        2
                text7                          0008C5  000047  00090C      118A       0  CODE        2
                text8                          00090C  000049  000955      1218       0  CODE        2
                text30                         000955  00004C  0009A1      12AA       0  CODE        2
                text3                          0009A1  00005D  0009FE      1342       0  CODE        2
                text1                          0009FE  00005F  000A5D      13FC       0  CODE        2
                text9                          000A5D  000063  000AC0      14BA       0  CODE        2
                text6                          000AC0  000063  000B23      1580       0  CODE        2
                text5                          000B23  000068  000B8B      1646       0  CODE        2
                text12                         000B8B  000090  000C1B      1716       0  CODE        2
                text11                         000C1B  0000BA  000CD5      1836       0  CODE        2
                text24                         000CD5  0000D3  000DA8      19AA       0  CODE        2
                text14                         000DA8  000258  001000      1B50       0  CODE        2
                strings                        001000  000028  001028      2000       0  STRING      2
                text34                         00163C  000007  001643      2C78       0  CODE        2
                clrtext                        001643  000008  00164B      2C86       0  CODE        2
                text21                         00164B  000009  001654      2C96       0  CODE        2
                text20                         001654  000009  00165D      2CA8       0  CODE        2
                text19                         00165D  000009  001666      2CBA       0  CODE        2
                text18                         001666  00000A  001670      2CCC       0  CODE        2
                text31                         001670  00000D  00167D      2CE0       0  CODE        2
                text23                         00167D  00000D  00168A      2CFA       0  CODE        2
                text32                         00168A  00001A  0016A4      2D14       0  CODE        2
                text33                         0016A4  000022  0016C6      2D48       0  CODE        2
                text13                         0016C6  000024  0016EA      2D8C       0  CODE        2
                text22                         0016EA  00002E  001718      2DD4       0  CODE        2
                text29                         001718  000035  00174D      2E30       0  CODE        2
                text2                          00174D  000035  001782      2E9A       0  CODE        2
                text26                         001782  00003A  0017BC      2F04       0  CODE        2
                text27                         0017BC  000044  001800      2F78       0  CODE        2


UNUSED ADDRESS RANGES

        Name                Unused          Largest block    Delta
        BANK1            00E1-00EF              F           1
        BANK2            0110-016F             60           1
        BANK3            0190-01EF             60           1
        CODE             0003-0003              1           2
                         07FD-0800              3
                         1028-163B            614
                         1800-1FFF            800
        COMMON           007C-007D              2           1
        CONST            0003-0003              1           2
                         07FD-0800              3
                         1028-163B            100
                         1800-1FFF            100
        EEDATA           2100-21FF            100           2
        ENTRY            0003-0003              1           2
                         07FD-0800              3
                         1028-163B            100
                         1800-1FFF            100
        IDLOC            2000-2003              4           2
        RAM              00E1-00EF              F           1
                         0110-016F             60
                         0190-01EF             60
        SFR0             0000-001F             20           1
        SFR1             0080-009F             20           1
        SFR2             0100-010F             10           1
        SFR3             0180-018F             10           1
        STRCODE          0003-0003              1           2
                         07FD-0800              4
                         1028-163B            614
                         1800-1FFF            800
        STRING           0003-0003              1           2
                         07FD-0800              3
                         1028-163B            100
                         1800-1FFF            100

                                  Symbol Table

?_I2C_Master_Read                 cstackCOMMON 0072
?__Umul8_16                       cstackCOMMON 0072
?___fladd                         cstackBANK0  0026
?___fldiv                         cstackBANK0  005C
?___flmul                         cstackBANK0  0042
?___flsub                         cstackBANK0  003A
?___fltol                         cstackBANK0  0069
?___lldiv                         cstackCOMMON 0072
?___lwdiv                         cstackCOMMON 0072
?___lwmod                         cstackCOMMON 0072
?___xxtofl                        cstackCOMMON 0072
?_map                             cstackBANK1  00B1
I2C_Master_Init@c                 cstackBANK0  0026
I2C_Master_Read@a                 cstackCOMMON 0072
I2C_Master_Read@temp              cstackCOMMON 0076
I2C_Master_Write@d                cstackCOMMON 0072
Lcd_Cmd@a                         cstackCOMMON 0075
Lcd_Port@a                        cstackCOMMON 0072
Lcd_Set_Cursor@a                  cstackBANK0  0020
Lcd_Set_Cursor@b                  cstackCOMMON 0076
Lcd_Set_Cursor@temp               cstackBANK0  0023
Lcd_Set_Cursor@y                  cstackBANK0  0022
Lcd_Set_Cursor@z                  cstackBANK0  0021
Lcd_Write_Char@a                  cstackCOMMON 0076
Lcd_Write_Char@temp               cstackCOMMON 0074
Lcd_Write_Char@y                  cstackCOMMON 0075
Lcd_Write_String@a                cstackCOMMON 0077
Lcd_Write_String@i                cstackBANK0  0023
_ANSEL                            (abs)        0188
_ANSELH                           (abs)        0189
_GIE                              (abs)        005F
_I2C_Master_Init                  text4        0801
_I2C_Master_Read                  text22       16EA
_I2C_Master_RepeatedStart         text21       164B
_I2C_Master_Start                 text20       1654
_I2C_Master_Stop                  text19       165D
_I2C_Master_Wait                  text23       167D
_I2C_Master_Write                 text18       1666
_LDC_output                       text24       0CD5
_Lcd_Clear                        text31       1670
_Lcd_Cmd                          text32       168A
_Lcd_Init                         text3        09A1
_Lcd_Port                         text33       16A4
_Lcd_Set_Cursor                   text30       0955
_Lcd_Write_Char                   text29       1718
_Lcd_Write_String                 text28       0839
_OSCCONbits                       (abs)        008F
_PEIE                             (abs)        005E
_PORTA                            (abs)        0005
_PORTD                            (abs)        0008
_PORTDbits                        (abs)        0008
_RD3                              (abs)        0043
_RD4                              (abs)        0044
_RD5                              (abs)        0045
_RD6                              (abs)        0046
_RD7                              (abs)        0047
_SCS                              (abs)        0478
_SSPADD                           (abs)        0093
_SSPBUF                           (abs)        0013
_SSPCON                           (abs)        0014
_SSPCON2                          (abs)        0091
_SSPCON2bits                      (abs)        0091
_SSPIE                            (abs)        0463
_SSPIF                            (abs)        0063
_SSPSTAT                          (abs)        0094
_Sgas                             bssBANK1     00D3
_Sired                            bssBANK1     00DE
_Su_hum                           bssBANK1     00DB
_Su_temp                          bssBANK1     00D7
_TRISA                            (abs)        0085
_TRISC3                           (abs)        043B
_TRISC4                           (abs)        043C
_TRISCbits                        (abs)        0087
_TRISD                            (abs)        0088
__H__absolute__                   __absolute__ 0000
__Habs1                           abs1         0000
__Hbank0                          bank0        0000
__Hbank1                          bank1        0000
__Hbank2                          bank2        0000
__Hbank3                          bank3        0000
__HbssBANK0                       bssBANK0     0000
__HbssBANK1                       bssBANK1     0000
__HbssCOMMON                      bssCOMMON    0000
__Hcinit                          cinit        0029
__Hclrtext                        clrtext      0000
__Hcode                           code         0000
__Hcommon                         common       0000
__Hconfig                         config       2009
__HcstackBANK0                    cstackBANK0  0000
__HcstackBANK1                    cstackBANK1  0000
__HcstackCOMMON                   cstackCOMMON 0000
__HdataBANK1                      dataBANK1    0000
__Heeprom_data                    eeprom_data  0000
__Hend_init                       end_init     000F
__Hfunctab                        functab      0000
__HidataBANK1                     idataBANK1   0000
__Hinit                           init         000C
__Hintentry                       intentry     000C
__Hmaintext                       maintext     0000
__Hpowerup                        powerup      0000
__Hram                            ram          0000
__Hreset_vec                      reset_vec    0003
__Hsfr0                           sfr0         0000
__Hsfr1                           sfr1         0000
__Hsfr2                           sfr2         0000
__Hsfr3                           sfr3         0000
__Hspace_0                        (abs)        1800
__Hspace_1                        (abs)        00E1
__Hspace_2                        (abs)        0000
__Hspace_3                        (abs)        0000
__Hspace_4                        (abs)        4010
__Hstack                          stack        0000
__Hstrings                        strings      0000
__Htext                           text         0000
__L__absolute__                   __absolute__ 0000
__Labs1                           abs1         0000
__Lbank0                          bank0        0000
__Lbank1                          bank1        0000
__Lbank2                          bank2        0000
__Lbank3                          bank3        0000
__LbssBANK0                       bssBANK0     0000
__LbssBANK1                       bssBANK1     0000
__LbssCOMMON                      bssCOMMON    0000
__Lcinit                          cinit        000F
__Lclrtext                        clrtext      0000
__Lcode                           code         0000
__Lcommon                         common       0000
__Lconfig                         config       0000
__LcstackBANK0                    cstackBANK0  0000
__LcstackBANK1                    cstackBANK1  0000
__LcstackCOMMON                   cstackCOMMON 0000
__LdataBANK1                      dataBANK1    0000
__Leeprom_data                    eeprom_data  0000
__Lend_init                       end_init     000C
__Lfunctab                        functab      0000
__LidataBANK1                     idataBANK1   0000
__Linit                           init         000C
__Lintentry                       intentry     0004
__Lmaintext                       maintext     0000
__Lpowerup                        powerup      0000
__Lram                            ram          0000
__Lreset_vec                      reset_vec    0000
__Lsfr0                           sfr0         0000
__Lsfr1                           sfr1         0000
__Lsfr2                           sfr2         0000
__Lsfr3                           sfr3         0000
__Lspace_0                        (abs)        0000
__Lspace_1                        (abs)        0000
__Lspace_2                        (abs)        0000
__Lspace_3                        (abs)        0000
__Lspace_4                        (abs)        0000
__Lstack                          stack        0000
__Lstrings                        strings      0000
__Ltext                           text         0000
__S0                              (abs)        1800
__S1                              (abs)        00E1
__S3                              (abs)        0000
__Umul8_16                        text16       07D3
__Umul8_16@multiplicand           cstackCOMMON 0072
__Umul8_16@multiplier             cstackBANK0  0024
__Umul8_16@product                cstackBANK0  0020
__Umul8_16@word_mpld              cstackBANK0  0022
___fladd                          text14       0DA8
___fladd@a                        cstackBANK0  002A
___fladd@aexp                     cstackBANK0  0037
___fladd@b                        cstackBANK0  0026
___fladd@bexp                     cstackBANK0  0038
___fladd@grs                      cstackBANK0  0039
___fladd@signs                    cstackBANK0  0036
___fldiv                          text17       036E
___fldiv@a                        cstackBANK0  005C
___fldiv@aexp                     cstackBANK1  00AC
___fldiv@b                        cstackBANK0  0060
___fldiv@bexp                     cstackBANK1  00AB
___fldiv@grs                      cstackBANK1  00A7
___fldiv@new_exp                  cstackBANK1  00A5
___fldiv@rem                      cstackBANK1  00A0
___fldiv@sign                     cstackBANK1  00A4
___flmul                          text15       0029
___flmul@a                        cstackBANK0  0046
___flmul@aexp                     cstackBANK0  0050
___flmul@b                        cstackBANK0  0042
___flmul@bexp                     cstackBANK0  0055
___flmul@grs                      cstackBANK0  0051
___flmul@prod                     cstackBANK0  0056
___flmul@sign                     cstackBANK0  004F
___flmul@temp                     cstackBANK0  005A
___flsub                          text13       16C6
___flsub@a                        cstackBANK0  003A
___flsub@b                        cstackBANK0  003E
___fltol                          text12       0B8B
___fltol@exp1                     cstackBANK0  006E
___fltol@f1                       cstackBANK0  0069
___fltol@sign1                    cstackBANK0  006D
___int_sp                         stack        0000
___latbits                        (abs)        0002
___lldiv                          text5        0B23
___lldiv@counter                  cstackBANK0  0025
___lldiv@dividend                 cstackCOMMON 0076
___lldiv@divisor                  cstackCOMMON 0072
___lldiv@quotient                 cstackBANK0  0021
___lwdiv                          text27       17BC
___lwdiv@counter                  cstackCOMMON 0078
___lwdiv@dividend                 cstackCOMMON 0074
___lwdiv@divisor                  cstackCOMMON 0072
___lwdiv@quotient                 cstackCOMMON 0076
___lwmod                          text26       1782
___lwmod@counter                  cstackCOMMON 0076
___lwmod@dividend                 cstackCOMMON 0074
___lwmod@divisor                  cstackCOMMON 0072
___sp                             stack        0000
___stackhi                        (abs)        0000
___stacklo                        (abs)        0000
___xxtofl                         text11       0C1B
___xxtofl@arg                     cstackBANK0  0022
___xxtofl@exp                     cstackBANK0  0021
___xxtofl@sign                    cstackBANK0  0020
___xxtofl@val                     cstackCOMMON 0072
__end_of_I2C_Master_Init          text4        0839
__end_of_I2C_Master_Read          text22       1718
__end_of_I2C_Master_RepeatedStart text21       1654
__end_of_I2C_Master_Start         text20       165D
__end_of_I2C_Master_Stop          text19       1666
__end_of_I2C_Master_Wait          text23       168A
__end_of_I2C_Master_Write         text18       1670
__end_of_LDC_output               text24       0DA8
__end_of_Lcd_Clear                text31       167D
__end_of_Lcd_Cmd                  text32       16A4
__end_of_Lcd_Init                 text3        09FE
__end_of_Lcd_Port                 text33       16C6
__end_of_Lcd_Set_Cursor           text30       09A1
__end_of_Lcd_Write_Char           text29       174D
__end_of_Lcd_Write_String         text28       087F
__end_of__Umul8_16                text16       07FC
__end_of___fladd                  text14       1000
__end_of___fldiv                  text17       05F4
__end_of___flmul                  text15       036E
__end_of___flsub                  text13       16EA
__end_of___fltol                  text12       0C1B
__end_of___lldiv                  text5        0B8B
__end_of___lwdiv                  text27       1800
__end_of___lwmod                  text26       17BC
__end_of___xxtofl                 text11       0CD5
__end_of__initialization          cinit        0025
__end_of__stringtab               strings      1010
__end_of_isr                      text34       1643
__end_of_main                     maintext     08C5
__end_of_map                      text10       06F7
__end_of_num_to_string            text25       07D3
__end_of_requestGas               text9        0AC0
__end_of_requestHum               text8        0955
__end_of_requestIR                text7        090C
__end_of_requestTemp              text6        0B23
__end_of_setup                    text2        1782
__end_of_writeMotors              text1        0A5D
__initialization                  cinit        000F
__pbssBANK0                       bssBANK0     006F
__pbssBANK1                       bssBANK1     00C6
__pbssCOMMON                      bssCOMMON    007A
__pcstackBANK0                    cstackBANK0  0020
__pcstackBANK1                    cstackBANK1  00A0
__pcstackCOMMON                   cstackCOMMON 0070
__pdataBANK1                      dataBANK1    00E0
__pidataBANK1                     idataBANK1   07FC
__pintentry                       intentry     0004
__pmaintext                       maintext     087F
__pstrings                        strings      1000
__ptext1                          text1        09FE
__ptext10                         text10       05F4
__ptext11                         text11       0C1B
__ptext12                         text12       0B8B
__ptext13                         text13       16C6
__ptext14                         text14       0DA8
__ptext15                         text15       0029
__ptext16                         text16       07D3
__ptext17                         text17       036E
__ptext18                         text18       1666
__ptext19                         text19       165D
__ptext2                          text2        174D
__ptext20                         text20       1654
__ptext21                         text21       164B
__ptext22                         text22       16EA
__ptext23                         text23       167D
__ptext24                         text24       0CD5
__ptext25                         text25       06F7
__ptext26                         text26       1782
__ptext27                         text27       17BC
__ptext28                         text28       0839
__ptext29                         text29       1718
__ptext3                          text3        09A1
__ptext30                         text30       0955
__ptext31                         text31       1670
__ptext32                         text32       168A
__ptext33                         text33       16A4
__ptext34                         text34       163C
__ptext4                          text4        0801
__ptext5                          text5        0B23
__ptext6                          text6        0AC0
__ptext7                          text7        08C5
__ptext8                          text8        090C
__ptext9                          text9        0A5D
__stringbase                      strings      100F
__stringtab                       strings      1000
_counter                          bssBANK1     00CD
_gas                              bssBANK1     00CF
_gasPPM                           bssBANK1     00CE
_ired                             bssCOMMON    007B
_isr                              text34       163C
_main                             maintext     087F
_map                              text10       05F4
_map$977                          cstackBANK1  00BC
_motorCon                         bssBANK1     00CC
_num_to_string                    text25       06F7
_requestGas                       text9        0A5D
_requestHum                       text8        090C
_requestIR                        text7        08C5
_requestTemp                      text6        0AC0
_setup                            text2        174D
_tempC                            bssCOMMON    007A
_u_hum                            bssBANK0     006F
_u_temp                           bssBANK1     00D2
_writeMotors                      text1        09FE
btemp                             (abs)        007E
clear_ram0                        clrtext      1643
end_of_initialization             cinit        0025
interrupt_function                intentry     0004
intlevel0                         functab      0000
intlevel1                         functab      0000
intlevel2                         functab      0000
intlevel3                         functab      0000
intlevel4                         functab      0000
intlevel5                         functab      0000
map@max1                          cstackBANK1  00B2
map@max2                          cstackBANK1  00B4
map@min1                          cstackBANK1  00B1
map@min2                          cstackBANK1  00B3
map@val                           cstackBANK1  00C0
num_to_string@centenas            cstackBANK0  002C
num_to_string@decenas             cstackBANK0  002E
num_to_string@dig8                cstackBANK0  0022
num_to_string@div1                cstackBANK0  0028
num_to_string@div2                cstackBANK0  002A
num_to_string@div3                cstackBANK0  0024
num_to_string@len                 cstackBANK0  0023
num_to_string@miles               cstackBANK0  0026
num_to_string@num                 cstackBANK0  0020
num_to_string@unidades            cstackBANK0  0030
reset_vec                         reset_vec    0000
saved_w                           (abs)        007E
start                             init         000C
start_initialization              cinit        000F
wtemp0                            (abs)        007E


MODULE INFORMATION

Module		Function		Class		Link	Load	Size
C:\Program Files\Microchip\xc8\v2.41\pic\sources\c90\common\sprcmul.c
		___flmul       		CODE           	0029	0000	837

C:\Program Files\Microchip\xc8\v2.41\pic\sources\c90\common\sprcmul.c estimated size: 837

C:\Program Files\Microchip\xc8\v2.41\pic\sources\c90\common\sprcdiv.c
		___fldiv       		CODE           	036E	0000	646

C:\Program Files\Microchip\xc8\v2.41\pic\sources\c90\common\sprcdiv.c estimated size: 646

C:\Program Files\Microchip\xc8\v2.41\pic\sources\c90\common\lwdiv.c
		___lwdiv       		CODE           	17BC	0000	68

C:\Program Files\Microchip\xc8\v2.41\pic\sources\c90\common\lwdiv.c estimated size: 68

C:\Program Files\Microchip\xc8\v2.41\pic\sources\c90\common\fltol.c
		___fltol       		CODE           	0B8B	0000	144

C:\Program Files\Microchip\xc8\v2.41\pic\sources\c90\common\fltol.c estimated size: 144

C:\Program Files\Microchip\xc8\v2.41\pic\sources\c90\common\__lldiv.c
		___lldiv       		CODE           	0B23	0000	104

C:\Program Files\Microchip\xc8\v2.41\pic\sources\c90\common\__lldiv.c estimated size: 104

I2C.c
		_I2C_Master_Read		CODE           	16EA	0000	46
		_I2C_Master_Wait		CODE           	167D	0000	13
		_I2C_Master_Init		CODE           	0801	0000	56
		_I2C_Master_Stop		CODE           	165D	0000	9
		_I2C_Master_RepeatedStart		CODE           	164B	0000	9
		_I2C_Master_Write		CODE           	1666	0000	10
		_I2C_Master_Start		CODE           	1654	0000	9

I2C.c estimated size: 152

C:\Program Files\Microchip\xc8\v2.41\pic\sources\c90\common\sprcadd.c
		___flsub       		CODE           	16C6	0000	36
		___fladd       		CODE           	0DA8	0000	600

C:\Program Files\Microchip\xc8\v2.41\pic\sources\c90\common\sprcadd.c estimated size: 636

LCD4b.c
		_Lcd_Write_String		CODE           	0839	0000	70
		_Lcd_Init      		CODE           	09A1	0000	93
		_Lcd_Write_Char		CODE           	1718	0000	53
		_Lcd_Cmd       		CODE           	168A	0000	26
		_Lcd_Set_Cursor		CODE           	0955	0000	76
		_Lcd_Clear     		CODE           	1670	0000	13
		_Lcd_Port      		CODE           	16A4	0000	34

LCD4b.c estimated size: 365

C:\Program Files\Microchip\xc8\v2.41\pic\sources\c90\common\xxtofl.c
		___xxtofl      		CODE           	0C1B	0000	186

C:\Program Files\Microchip\xc8\v2.41\pic\sources\c90\common\xxtofl.c estimated size: 186

shared
		__stringtab    		STRING         	1000	0000	16
		__initialization		CODE           	000F	0000	22

shared estimated size: 38

master.c
		_requestIR     		CODE           	08C5	0000	71
		_requestGas    		CODE           	0A5D	0000	99
		_requestHum    		CODE           	090C	0000	73
		_map           		CODE           	05F4	0000	259
		_requestTemp   		CODE           	0AC0	0000	99
		_num_to_string 		CODE           	06F7	0000	220
		_main          		CODE           	087F	0000	70
		_writeMotors   		CODE           	09FE	0000	95
		_LDC_output    		CODE           	0CD5	0000	211
		_isr           		CODE           	163C	0000	7
		_setup         		CODE           	174D	0000	53

master.c estimated size: 1257

C:\Program Files\Microchip\xc8\v2.41\pic\sources\c90\common\Umul8_16.c
		__Umul8_16     		CODE           	07D3	0000	41

C:\Program Files\Microchip\xc8\v2.41\pic\sources\c90\common\Umul8_16.c estimated size: 41

C:\Program Files\Microchip\xc8\v2.41\pic\sources\c90\common\lwmod.c
		___lwmod       		CODE           	1782	0000	58

C:\Program Files\Microchip\xc8\v2.41\pic\sources\c90\common\lwmod.c estimated size: 58

