Microchip MPLAB XC8 Compiler V2.41

Linker command line:

-W-3 \
  --edf=C:/Program Files/Microchip/MPLABX/v6.10/packs/Microchip/PIC16Fxxx_DFP/1.4.149/xc8\pic\dat\20230322214319_en.msgs \
  -cn -h+dist/default/production\PIC_MQ2.X.production.sym \
  --cmf=dist/default/production\PIC_MQ2.X.production.cmf -z -Q16F887 \
  -oC:\Users\judah\AppData\Local\Temp\xcAsa8g.\driver_tmp_3.o \
  --defsym=__MPLAB_BUILD=1 --fixupoverflow=error \
  -Mdist/default/production/PIC_MQ2.X.production.map \
  --md=C:\Users\judah\AppData\Local\Temp\xcAsa8g.\driver_tmp_0.dat -E1 \
  -ver=XC8 Compiler --acfsm=1493 -ACODE=00h-07FFhx4 -ASTRCODE=00h-01FFFh \
  -ASTRING=00h-0FFhx32 -ACONST=00h-0FFhx32 -AENTRY=00h-0FFhx32 \
  -ACOMMON=070h-07Fh -ABANK0=020h-06Fh -ABANK1=0A0h-0EFh \
  -ABANK2=0110h-016Fh -ABANK3=0190h-01EFh \
  -ARAM=020h-06Fh,0A0h-0EFh,0110h-016Fh,0190h-01EFh \
  -AABS1=020h-07Fh,0A0h-0EFh,0110h-016Fh,0190h-01EFh -ASFR0=00h-01Fh \
  -ASFR1=080h-09Fh -ASFR2=0100h-010Fh -ASFR3=0180h-018Fh \
  -ACONFIG=02007h-02008h -DCONFIG=2 -AIDLOC=02000h-02003h -DIDLOC=2 \
  -AEEDATA=00h-0FFh/02100h -peeprom_data=EEDATA -DEEDATA=2 -DCODE=2 \
  -DSTRCODE=2 -DSTRING=2 -DCONST=2 -DENTRY=2 \
  -preset_vec=00h,intentry=04h,init,end_init -ppowerup=CODE -pcinit=CODE \
  -pfunctab=ENTRY -k \
  C:\Users\judah\AppData\Local\Temp\xcAsa8g.\driver_tmp_12.o \
  dist/default/production\PIC_MQ2.X.production.o 

Object code version is 3.11

Machine type is 16F887



                Name                               Link     Load   Length Selector   Space Scale
C:\Users\judah\AppData\Local\Temp\xcAsa8g.\driver_tmp_12.o
                end_init                              C        C        3        8       0
                reset_vec                             0        0        3        0       0
                config                             2007     2007        2        0       4
dist/default/production\PIC_MQ2.X.production.o
                cinit                                 F        F       1E        8       0
                intentry                              4        4        8        8       0
                config                             2007     2007        2        0       4
                text14                              3FF      3FF        7      6B6       0
                text13                              3B5      3B5       22      6B6       0
                text12                              3D7      3D7       1A      6B6       0
                text11                              21D      21D       4C        8       0
                text10                              2F4      2F4       35        8       0
                text9                               269      269       46        8       0
                text8                                A6       A6       67        8       0
                text7                               1C4      1C4       59        8       0
                text6                                2D       2D       79        8       0
                text5                               2AF      2AF       45        8       0
                text4                               3F1      3F1        E      6B6       0
                text3                               10D      10D       5D        8       0
                text2                               16A      16A       5A        8       0
                text1                               35B      35B       31      6B6       0
                maintext                            38C      38C       29      6B6       0
                cstackBANK0                          20       20        B       20       1
                cstackCOMMON                         70       70        A       70       1
                dataBANK0                            2B       2B        4       20       1
                bssCOMMON                            7A       7A        2       70       1
                strings                             329      329       32      652       0
                idataBANK0                          406      406        4      6B6       0

TOTAL           Name                               Link     Load   Length     Space
        CLASS   CODE           
                end_init                              C        C        3         0
                cinit                                 F        F       1E         0
                intentry                              4        4        8         0
                reset_vec                             0        0        3         0
                text14                              3FF      3FF        7         0
                text13                              3B5      3B5       22         0
                text12                              3D7      3D7       1A         0
                text11                              21D      21D       4C         0
                text10                              2F4      2F4       35         0
                text9                               269      269       46         0
                text8                                A6       A6       67         0
                text7                               1C4      1C4       59         0
                text6                                2D       2D       79         0
                text5                               2AF      2AF       45         0
                text4                               3F1      3F1        E         0
                text3                               10D      10D       5D         0
                text2                               16A      16A       5A         0
                text1                               35B      35B       31         0
                maintext                            38C      38C       29         0
                idataBANK0                          406      406        4         0

        CLASS   STRCODE        

        CLASS   STRING         
                strings                             329      329       32         0

        CLASS   CONST          

        CLASS   ENTRY          

        CLASS   COMMON         
                cstackCOMMON                         70       70        A         1
                bssCOMMON                            7A       7A        2         1

        CLASS   BANK0          
                cstackBANK0                          20       20        B         1
                dataBANK0                            2B       2B        4         1

        CLASS   BANK1          

        CLASS   BANK2          

        CLASS   BANK3          

        CLASS   RAM            

        CLASS   ABS1           
                abs_s1                               7E       7E        2         1

        CLASS   SFR0           

        CLASS   SFR1           

        CLASS   SFR2           

        CLASS   SFR3           

        CLASS   CONFIG         
                config                             2007     2007        2         4

        CLASS   IDLOC          

        CLASS   EEDATA         

        CLASS   STACK          



SEGMENTS        Name                           Load    Length   Top    Selector   Space  Class     Delta

                reset_vec                      000000  000003  000003         0       0  CODE        2
                intentry                       000004  000325  000329         8       0  CODE        2
                cstackBANK0                    000020  00000F  00002F        20       1  BANK0       1
                cstackCOMMON                   000070  00000C  00007C        70       1  COMMON      1
                strings                        000329  000032  00035B       652       0  STRING      2
                text1                          00035B  0000AF  00040A       6B6       0  CODE        2


UNUSED ADDRESS RANGES

        Name                Unused          Largest block    Delta
        BANK0            002F-006F             41           1
        BANK1            00A0-00EF             50           1
        BANK2            0110-016F             60           1
        BANK3            0190-01EF             60           1
        CODE             0003-0003              1           2
                         040A-1FFF            800
        COMMON           007C-007D              2           1
        CONST            0003-0003              1           2
                         040A-1FFF            100
        EEDATA           2100-21FF            100           2
        ENTRY            0003-0003              1           2
                         040A-1FFF            100
        IDLOC            2000-2003              4           2
        RAM              002F-006F             41           1
                         00A0-00EF             50
                         0110-016F             60
                         0190-01EF             60
        SFR0             0000-001F             20           1
        SFR1             0080-009F             20           1
        SFR2             0100-010F             10           1
        SFR3             0180-018F             10           1
        STRCODE          0003-0003              1           2
                         040A-1FFF           1BF6
        STRING           0003-0003              1           2
                         040A-1FFF            100

                                  Symbol Table

?___awdiv                 cstackCOMMON 0072
?___awmod                 cstackCOMMON 0072
?_adc_read                cstackCOMMON 0072
Lcd_Cmd@a                 cstackCOMMON 0075
Lcd_Port@a                cstackCOMMON 0072
Lcd_Set_Cursor@a          cstackBANK0  0020
Lcd_Set_Cursor@b          cstackCOMMON 0076
Lcd_Set_Cursor@temp       cstackBANK0  0023
Lcd_Set_Cursor@y          cstackBANK0  0022
Lcd_Set_Cursor@z          cstackBANK0  0021
Lcd_Write_Char@a          cstackCOMMON 0076
Lcd_Write_Char@temp       cstackCOMMON 0074
Lcd_Write_Char@y          cstackCOMMON 0075
Lcd_Write_String@a        cstackCOMMON 0077
Lcd_Write_String@i        cstackBANK0  0023
_ADCON0bits               (abs)        001F
_ADFM                     (abs)        04FF
_ADON                     (abs)        00F8
_ADRESH                   (abs)        001E
_ADRESL                   (abs)        009E
_ANSEL                    (abs)        0188
_ANSELH                   (abs)        0189
_IR_sens                  bssCOMMON    007A
_LDC_output               text5        02AF
_Lcd_Cmd                  text12       03D7
_Lcd_Init                 text3        010D
_Lcd_Port                 text13       03B5
_Lcd_Set_Cursor           text11       021D
_Lcd_Write_Char           text10       02F4
_Lcd_Write_String         text9        0269
_MQ2_s                    dataBANK0    002B
_MQ2_val                  bssCOMMON    007B
_OSCCONbits               (abs)        008F
_PORTB                    (abs)        0006
_PORTD                    (abs)        0008
_PORTDbits                (abs)        0008
_RA1                      (abs)        0029
_RD3                      (abs)        0043
_RD4                      (abs)        0044
_RD5                      (abs)        0045
_RD6                      (abs)        0046
_RD7                      (abs)        0047
_SCS                      (abs)        0478
_TRISA                    (abs)        0085
_TRISB                    (abs)        0086
_TRISD                    (abs)        0088
_VCFG0                    (abs)        04FC
_VCFG1                    (abs)        04FD
__H__absolute__           __absolute__ 0000
__Habs1                   abs1         0000
__Hbank0                  bank0        0000
__Hbank1                  bank1        0000
__Hbank2                  bank2        0000
__Hbank3                  bank3        0000
__HbssCOMMON              bssCOMMON    0000
__Hcinit                  cinit        002D
__Hclrtext                clrtext      0000
__Hcode                   code         0000
__Hcommon                 common       0000
__Hconfig                 config       2009
__HcstackBANK0            cstackBANK0  0000
__HcstackCOMMON           cstackCOMMON 0000
__HdataBANK0              dataBANK0    0000
__Heeprom_data            eeprom_data  0000
__Hend_init               end_init     000F
__Hfunctab                functab      0000
__HidataBANK0             idataBANK0   0000
__Hinit                   init         000C
__Hintentry               intentry     000C
__Hmaintext               maintext     0000
__Hpowerup                powerup      0000
__Hram                    ram          0000
__Hreset_vec              reset_vec    0003
__Hsfr0                   sfr0         0000
__Hsfr1                   sfr1         0000
__Hsfr2                   sfr2         0000
__Hsfr3                   sfr3         0000
__Hspace_0                (abs)        040A
__Hspace_1                (abs)        007C
__Hspace_2                (abs)        0000
__Hspace_3                (abs)        0000
__Hspace_4                (abs)        4010
__Hstack                  stack        0000
__Hstrings                strings      0000
__Htext                   text         0000
__L__absolute__           __absolute__ 0000
__Labs1                   abs1         0000
__Lbank0                  bank0        0000
__Lbank1                  bank1        0000
__Lbank2                  bank2        0000
__Lbank3                  bank3        0000
__LbssCOMMON              bssCOMMON    0000
__Lcinit                  cinit        000F
__Lclrtext                clrtext      0000
__Lcode                   code         0000
__Lcommon                 common       0000
__Lconfig                 config       0000
__LcstackBANK0            cstackBANK0  0000
__LcstackCOMMON           cstackCOMMON 0000
__LdataBANK0              dataBANK0    0000
__Leeprom_data            eeprom_data  0000
__Lend_init               end_init     000C
__Lfunctab                functab      0000
__LidataBANK0             idataBANK0   0000
__Linit                   init         000C
__Lintentry               intentry     0004
__Lmaintext               maintext     0000
__Lpowerup                powerup      0000
__Lram                    ram          0000
__Lreset_vec              reset_vec    0000
__Lsfr0                   sfr0         0000
__Lsfr1                   sfr1         0000
__Lsfr2                   sfr2         0000
__Lsfr3                   sfr3         0000
__Lspace_0                (abs)        0000
__Lspace_1                (abs)        0000
__Lspace_2                (abs)        0000
__Lspace_3                (abs)        0000
__Lspace_4                (abs)        0000
__Lstack                  stack        0000
__Lstrings                strings      0000
__Ltext                   text         0000
__S0                      (abs)        040A
__S1                      (abs)        007C
__S3                      (abs)        0000
___awdiv                  text8        00A6
___awdiv@counter          cstackCOMMON 0076
___awdiv@dividend         cstackCOMMON 0074
___awdiv@divisor          cstackCOMMON 0072
___awdiv@quotient         cstackCOMMON 0078
___awdiv@sign             cstackCOMMON 0077
___awmod                  text7        01C4
___awmod@counter          cstackCOMMON 0076
___awmod@dividend         cstackCOMMON 0074
___awmod@divisor          cstackCOMMON 0072
___awmod@sign             cstackCOMMON 0077
___int_sp                 stack        0000
___latbits                (abs)        0002
___sp                     stack        0000
___stackhi                (abs)        0000
___stacklo                (abs)        0000
__end_of_LDC_output       text5        02F4
__end_of_Lcd_Cmd          text12       03F1
__end_of_Lcd_Init         text3        016A
__end_of_Lcd_Port         text13       03D7
__end_of_Lcd_Set_Cursor   text11       0269
__end_of_Lcd_Write_Char   text10       0329
__end_of_Lcd_Write_String text9        02AF
__end_of___awdiv          text8        010D
__end_of___awmod          text7        021D
__end_of__initialization  cinit        0029
__end_of__stringtab       strings      0339
__end_of_adc_init         text2        01C4
__end_of_adc_read         text4        03FF
__end_of_isr              text14       0406
__end_of_main             maintext     03B5
__end_of_separar_digitos8 text6        00A6
__end_of_setup            text1        038C
__initialization          cinit        000F
__pbssCOMMON              bssCOMMON    007A
__pcstackBANK0            cstackBANK0  0020
__pcstackCOMMON           cstackCOMMON 0070
__pdataBANK0              dataBANK0    002B
__pidataBANK0             idataBANK0   0406
__pintentry               intentry     0004
__pmaintext               maintext     038C
__pstrings                strings      0329
__ptext1                  text1        035B
__ptext10                 text10       02F4
__ptext11                 text11       021D
__ptext12                 text12       03D7
__ptext13                 text13       03B5
__ptext14                 text14       03FF
__ptext2                  text2        016A
__ptext3                  text3        010D
__ptext4                  text4        03F1
__ptext5                  text5        02AF
__ptext6                  text6        002D
__ptext7                  text7        01C4
__ptext8                  text8        00A6
__ptext9                  text9        0269
__stringbase              strings      0338
__stringtab               strings      0329
_adc_init                 text2        016A
_adc_read                 text4        03F1
_isr                      text14       03FF
_main                     maintext     038C
_separar_digitos8         text6        002D
_setup                    text1        035B
adc_init@J                cstackCOMMON 0077
adc_init@R                cstackCOMMON 0072
adc_init@channel          cstackCOMMON 0074
adc_init@clock            cstackCOMMON 0073
btemp                     (abs)        007E
end_of_initialization     cinit        0029
interrupt_function        intentry     0004
intlevel0                 functab      0000
intlevel1                 functab      0000
intlevel2                 functab      0000
intlevel3                 functab      0000
intlevel4                 functab      0000
intlevel5                 functab      0000
reset_vec                 reset_vec    0000
saved_w                   (abs)        007E
separar_digitos8@centenas cstackBANK0  0024
separar_digitos8@decenas  cstackBANK0  0025
separar_digitos8@dig8     cstackBANK0  0020
separar_digitos8@div1     cstackBANK0  0028
separar_digitos8@div2     cstackBANK0  0023
separar_digitos8@num      cstackBANK0  0027
separar_digitos8@unidades cstackBANK0  0026
start                     init         000C
start_initialization      cinit        000F
wtemp0                    (abs)        007E


MODULE INFORMATION

Module		Function		Class		Link	Load	Size
C:\Program Files\Microchip\xc8\v2.41\pic\sources\c90\common\awdiv.c
		___awdiv       		CODE           	00A6	0000	103

C:\Program Files\Microchip\xc8\v2.41\pic\sources\c90\common\awdiv.c estimated size: 103

slave_MQ2_IR.c
		_main          		CODE           	038C	0000	41
		_LDC_output    		CODE           	02AF	0000	69
		_isr           		CODE           	03FF	0000	7
		_setup         		CODE           	035B	0000	49
		_separar_digitos8		CODE           	002D	0000	121

slave_MQ2_IR.c estimated size: 287

LCD4b.c
		_Lcd_Write_String		CODE           	0269	0000	70
		_Lcd_Init      		CODE           	010D	0000	93
		_Lcd_Write_Char		CODE           	02F4	0000	53
		_Lcd_Cmd       		CODE           	03D7	0000	26
		_Lcd_Set_Cursor		CODE           	021D	0000	76
		_Lcd_Port      		CODE           	03B5	0000	34

LCD4b.c estimated size: 352

ADC_lib.c
		_adc_read      		CODE           	03F1	0000	14
		_adc_init      		CODE           	016A	0000	90

ADC_lib.c estimated size: 104

shared
		__stringtab    		STRING         	0329	0000	16
		__initialization		CODE           	000F	0000	26

shared estimated size: 42

C:\Program Files\Microchip\xc8\v2.41\pic\sources\c90\common\awmod.c
		___awmod       		CODE           	01C4	0000	89

C:\Program Files\Microchip\xc8\v2.41\pic\sources\c90\common\awmod.c estimated size: 89

