Microchip MPLAB XC8 Compiler V2.41

Linker command line:

-W-3 \
  --edf=C:/Program Files/Microchip/MPLABX/v6.10/packs/Microchip/PIC16Fxxx_DFP/1.4.149/xc8\pic\dat\20230322214319_en.msgs \
  -cn -h+dist/default/production\PIC_DHT11.X.production.sym \
  --cmf=dist/default/production\PIC_DHT11.X.production.cmf -z -Q16F887 \
  -oC:\Users\judah\AppData\Local\Temp\xcBsia4.1\driver_tmp_3.o \
  --defsym=__MPLAB_BUILD=1 --fixupoverflow=error \
  -Mdist/default/production/PIC_DHT11.X.production.map \
  --md=C:\Users\judah\AppData\Local\Temp\xcBsia4.1\driver_tmp_0.dat -E1 \
  -ver=XC8 Compiler --acfsm=1493 -ACODE=00h-07FFhx4 -ASTRCODE=00h-01FFFh \
  -ASTRING=00h-0FFhx32 -ACONST=00h-0FFhx32 -AENTRY=00h-0FFhx32 \
  -ACOMMON=070h-07Fh -ABANK0=020h-06Fh -ABANK1=0A0h-0EFh \
  -ABANK2=0110h-016Fh -ABANK3=0190h-01EFh \
  -ARAM=020h-06Fh,0A0h-0EFh,0110h-016Fh,0190h-01EFh \
  -AABS1=020h-07Fh,0A0h-0EFh,0110h-016Fh,0190h-01EFh -ASFR0=00h-01Fh \
  -ASFR1=080h-09Fh -ASFR2=0100h-010Fh -ASFR3=0180h-018Fh \
  -ACONFIG=02007h-02008h -DCONFIG=2 -AIDLOC=02000h-02003h -DIDLOC=2 \
  -AEEDATA=00h-0FFh/02100h -peeprom_data=EEDATA -DEEDATA=2 -DCODE=2 \
  -DSTRCODE=2 -DSTRING=2 -DCONST=2 -DENTRY=2 \
  -preset_vec=00h,intentry=04h,init,end_init -ppowerup=CODE -pcinit=CODE \
  -pfunctab=ENTRY -k \
  C:\Users\judah\AppData\Local\Temp\xcBsia4.1\driver_tmp_12.o \
  dist/default/production\PIC_DHT11.X.production.o 

Object code version is 3.11

Machine type is 16F887



                Name                               Link     Load   Length Selector   Space Scale
C:\Users\judah\AppData\Local\Temp\xcBsia4.1\driver_tmp_12.o
                end_init                              C        C        3        8       0
                reset_vec                             0        0        3        0       0
                config                             2007     2007        2        0       4
dist/default/production\PIC_DHT11.X.production.o
                cinit                                 F        F       16        8       0
                intentry                              4        4        8        8       0
                config                             2007     2007        2        0       4
                text7                                9F       9F       5D        8       0
                text6                               14E      14E       2B        8       0
                text5                               1D0      1D0        F        8       0
                text4                               19B      19B       1B        8       0
                text3                                25       25       7A        8       0
                text2                               1B6      1B6       1A        8       0
                text1                               179      179       22        8       0
                maintext                             FC       FC       52        8       0
                cstackBANK0                          29       29        9       20       1
                cstackCOMMON                         70       70        7       70       1
                dataBANK0                            32       32        1       20       1
                bssBANK0                             20       20        9       20       1
                bssCOMMON                            77       77        3       70       1
                idataBANK0                          1DF      1DF        1        8       0

TOTAL           Name                               Link     Load   Length     Space
        CLASS   CODE           
                end_init                              C        C        3         0
                cinit                                 F        F       16         0
                intentry                              4        4        8         0
                reset_vec                             0        0        3         0
                text7                                9F       9F       5D         0
                text6                               14E      14E       2B         0
                text5                               1D0      1D0        F         0
                text4                               19B      19B       1B         0
                text3                                25       25       7A         0
                text2                               1B6      1B6       1A         0
                text1                               179      179       22         0
                maintext                             FC       FC       52         0
                idataBANK0                          1DF      1DF        1         0

        CLASS   STRCODE        

        CLASS   STRING         

        CLASS   CONST          

        CLASS   ENTRY          

        CLASS   COMMON         
                cstackCOMMON                         70       70        7         1
                bssCOMMON                            77       77        3         1

        CLASS   BANK0          
                cstackBANK0                          29       29        9         1
                dataBANK0                            32       32        1         1
                bssBANK0                             20       20        9         1

        CLASS   BANK1          

        CLASS   BANK2          

        CLASS   BANK3          

        CLASS   RAM            

        CLASS   ABS1           
                abs_s1                               7E       7E        2         1

        CLASS   SFR0           

        CLASS   SFR1           

        CLASS   SFR2           

        CLASS   SFR3           

        CLASS   CONFIG         
                config                             2007     2007        2         4

        CLASS   IDLOC          

        CLASS   EEDATA         

        CLASS   STACK          



SEGMENTS        Name                           Load    Length   Top    Selector   Space  Class     Delta

                reset_vec                      000000  000003  000003         0       0  CODE        2
                intentry                       000004  0001DC  0001E0         8       0  CODE        2
                bssBANK0                       000020  000013  000033        20       1  BANK0       1
                cstackCOMMON                   000070  00000A  00007A        70       1  COMMON      1


UNUSED ADDRESS RANGES

        Name                Unused          Largest block    Delta
        BANK0            0033-006F             3D           1
        BANK1            00A0-00EF             50           1
        BANK2            0110-016F             60           1
        BANK3            0190-01EF             60           1
        CODE             0003-0003              1           2
                         01E0-1FFF            800
        COMMON           007A-007D              4           1
        CONST            0003-0003              1           2
                         01E0-1FFF            100
        EEDATA           2100-21FF            100           2
        ENTRY            0003-0003              1           2
                         01E0-1FFF            100
        IDLOC            2000-2003              4           2
        RAM              0033-006F             3D           1
                         00A0-00EF             50
                         0110-016F             60
                         0190-01EF             60
        SFR0             0000-001F             20           1
        SFR1             0080-009F             20           1
        SFR2             0100-010F             10           1
        SFR3             0180-018F             10           1
        STRCODE          0003-0003              1           2
                         01E0-1FFF           1E20
        STRING           0003-0003              1           2
                         01E0-1FFF            100

                                  Symbol Table

DHT11_read_byte@data     cstackCOMMON 0075
DHT11_read_byte@i        cstackCOMMON 0074
DHT11_read_data@hum      cstackBANK0  002D
DHT11_read_data@parity   cstackBANK0  002E
DHT11_read_data@temp     cstackCOMMON 0076
I2C_Slave_Init@address   cstackCOMMON 0073
_ANSEL                   (abs)        0188
_ANSELH                  (abs)        0189
_BF                      (abs)        04A0
_CKP                     (abs)        00A4
_DHT11_read_byte         text6        014E
_DHT11_read_data         text3        0025
_DHT11_response          text5        01D0
_DHT11_start             text4        019B
_D_nA                    (abs)        04A5
_GIE                     (abs)        005F
_I2C_Slave_Init          text2        01B6
_OSCCONbits              (abs)        008F
_PEIE                    (abs)        005E
_PORTA                   (abs)        0005
_PORTB                   (abs)        0006
_PORTD                   (abs)        0008
_PORTDbits               (abs)        0008
_RD0                     (abs)        0040
_RD3                     (abs)        0043
_RD4                     (abs)        0044
_RD5                     (abs)        0045
_RD6                     (abs)        0046
_RD7                     (abs)        0047
_R_nW                    (abs)        04A2
_SCS                     (abs)        0478
_SSPADD                  (abs)        0093
_SSPBUF                  (abs)        0013
_SSPCON                  (abs)        0014
_SSPCON2                 (abs)        0091
_SSPCON2bits             (abs)        0091
_SSPIE                   (abs)        0463
_SSPIF                   (abs)        0063
_SSPOV                   (abs)        00A6
_SSPSTAT                 (abs)        0094
_TRISA                   (abs)        0085
_TRISB                   (abs)        0086
_TRISC3                  (abs)        043B
_TRISC4                  (abs)        043C
_TRISCbits               (abs)        0087
_TRISD                   (abs)        0088
_TRISD0                  (abs)        0440
_WCOL                    (abs)        00A7
__H__absolute__          __absolute__ 0000
__Habs1                  abs1         0000
__Hbank0                 bank0        0000
__Hbank1                 bank1        0000
__Hbank2                 bank2        0000
__Hbank3                 bank3        0000
__HbssBANK0              bssBANK0     0000
__HbssCOMMON             bssCOMMON    0000
__Hcinit                 cinit        0025
__Hclrtext               clrtext      0000
__Hcode                  code         0000
__Hcommon                common       0000
__Hconfig                config       2009
__HcstackBANK0           cstackBANK0  0000
__HcstackCOMMON          cstackCOMMON 0000
__HdataBANK0             dataBANK0    0000
__Heeprom_data           eeprom_data  0000
__Hend_init              end_init     000F
__Hfunctab               functab      0000
__HidataBANK0            idataBANK0   0000
__Hinit                  init         000C
__Hintentry              intentry     000C
__Hmaintext              maintext     0000
__Hpowerup               powerup      0000
__Hram                   ram          0000
__Hreset_vec             reset_vec    0003
__Hsfr0                  sfr0         0000
__Hsfr1                  sfr1         0000
__Hsfr2                  sfr2         0000
__Hsfr3                  sfr3         0000
__Hspace_0               (abs)        01E0
__Hspace_1               (abs)        007A
__Hspace_2               (abs)        0000
__Hspace_3               (abs)        0000
__Hspace_4               (abs)        4010
__Hstack                 stack        0000
__Hstrings               strings      0000
__Htext                  text         0000
__L__absolute__          __absolute__ 0000
__Labs1                  abs1         0000
__Lbank0                 bank0        0000
__Lbank1                 bank1        0000
__Lbank2                 bank2        0000
__Lbank3                 bank3        0000
__LbssBANK0              bssBANK0     0000
__LbssCOMMON             bssCOMMON    0000
__Lcinit                 cinit        000F
__Lclrtext               clrtext      0000
__Lcode                  code         0000
__Lcommon                common       0000
__Lconfig                config       0000
__LcstackBANK0           cstackBANK0  0000
__LcstackCOMMON          cstackCOMMON 0000
__LdataBANK0             dataBANK0    0000
__Leeprom_data           eeprom_data  0000
__Lend_init              end_init     000C
__Lfunctab               functab      0000
__LidataBANK0            idataBANK0   0000
__Linit                  init         000C
__Lintentry              intentry     0004
__Lmaintext              maintext     0000
__Lpowerup               powerup      0000
__Lram                   ram          0000
__Lreset_vec             reset_vec    0000
__Lsfr0                  sfr0         0000
__Lsfr1                  sfr1         0000
__Lsfr2                  sfr2         0000
__Lsfr3                  sfr3         0000
__Lspace_0               (abs)        0000
__Lspace_1               (abs)        0000
__Lspace_2               (abs)        0000
__Lspace_3               (abs)        0000
__Lspace_4               (abs)        0000
__Lstack                 stack        0000
__Lstrings               strings      0000
__Ltext                  text         0000
__S0                     (abs)        01E0
__S1                     (abs)        007A
__S3                     (abs)        0000
___int_sp                stack        0000
___latbits               (abs)        0002
___sp                    stack        0000
___stackhi               (abs)        0000
___stacklo               (abs)        0000
__end_of_DHT11_read_byte text6        0179
__end_of_DHT11_read_data text3        009F
__end_of_DHT11_response  text5        01DF
__end_of_DHT11_start     text4        01B6
__end_of_I2C_Slave_Init  text2        01D0
__end_of__initialization cinit        0021
__end_of_isr             text7        00FC
__end_of_main            maintext     014E
__end_of_setup           text1        019B
__initialization         cinit        000F
__pbssBANK0              bssBANK0     0020
__pbssCOMMON             bssCOMMON    0077
__pcstackBANK0           cstackBANK0  0029
__pcstackCOMMON          cstackCOMMON 0070
__pdataBANK0             dataBANK0    0032
__pidataBANK0            idataBANK0   01DF
__pintentry              intentry     0004
__pmaintext              maintext     00FC
__ptext1                 text1        0179
__ptext2                 text2        01B6
__ptext3                 text3        0025
__ptext4                 text4        019B
__ptext5                 text5        01D0
__ptext6                 text6        014E
__ptext7                 text7        009F
_bits                    bssBANK0     0020
_data_ok                 dataBANK0    0032
_discard                 bssCOMMON    0079
_humedad                 bssBANK0     0027
_isr                     text7        009F
_main                    maintext     00FC
_request                 bssCOMMON    0077
_send_data               bssCOMMON    0078
_setup                   text1        0179
_temperatura             bssBANK0     0025
btemp                    (abs)        007E
end_of_initialization    cinit        0021
interrupt_function       intentry     0004
intlevel0                functab      0000
intlevel1                functab      0000
intlevel2                functab      0000
intlevel3                functab      0000
intlevel4                functab      0000
intlevel5                functab      0000
reset_vec                reset_vec    0000
saved_w                  (abs)        007E
start                    init         000C
start_initialization     cinit        000F
wtemp0                   (abs)        007E


MODULE INFORMATION

Module		Function		Class		Link	Load	Size
slave_DHT11.c
		_main          		CODE           	00FC	0000	82
		_isr           		CODE           	009F	0000	93
		_setup         		CODE           	0179	0000	34

slave_DHT11.c estimated size: 209

DHT11.c
		_DHT11_read_data		CODE           	0025	0000	122
		_DHT11_read_byte		CODE           	014E	0000	43
		_DHT11_start   		CODE           	019B	0000	27
		_DHT11_response		CODE           	01D0	0000	15

DHT11.c estimated size: 207

shared
		__initialization		CODE           	000F	0000	18

shared estimated size: 18

../PIC_MASTER.X/I2C.c
		_I2C_Slave_Init		CODE           	01B6	0000	26

../PIC_MASTER.X/I2C.c estimated size: 26

